Archive member included to satisfy reference by file (symbol)

c:/st/stm32cubeide_1.7.0/stm32cubeide/plugins/com.st.stm32cube.ide.mcu.externaltools.gnu-tools-for-stm32.9-2020-q2-update.win32_2.0.0.202105311346/tools/bin/../lib/gcc/arm-none-eabi/9.3.1/../../../../arm-none-eabi/lib/thumb/v7-m/nofp\libc_nano.a(lib_a-errno.o)
                              ./Core/Src/syscalls.o (__errno)
c:/st/stm32cubeide_1.7.0/stm32cubeide/plugins/com.st.stm32cube.ide.mcu.externaltools.gnu-tools-for-stm32.9-2020-q2-update.win32_2.0.0.202105311346/tools/bin/../lib/gcc/arm-none-eabi/9.3.1/../../../../arm-none-eabi/lib/thumb/v7-m/nofp\libc_nano.a(lib_a-exit.o)
                              c:/st/stm32cubeide_1.7.0/stm32cubeide/plugins/com.st.stm32cube.ide.mcu.externaltools.gnu-tools-for-stm32.9-2020-q2-update.win32_2.0.0.202105311346/tools/bin/../lib/gcc/arm-none-eabi/9.3.1/../../../../arm-none-eabi/lib/thumb/v7-m/nofp/crt0.o (exit)
c:/st/stm32cubeide_1.7.0/stm32cubeide/plugins/com.st.stm32cube.ide.mcu.externaltools.gnu-tools-for-stm32.9-2020-q2-update.win32_2.0.0.202105311346/tools/bin/../lib/gcc/arm-none-eabi/9.3.1/../../../../arm-none-eabi/lib/thumb/v7-m/nofp\libc_nano.a(lib_a-impure.o)
                              c:/st/stm32cubeide_1.7.0/stm32cubeide/plugins/com.st.stm32cube.ide.mcu.externaltools.gnu-tools-for-stm32.9-2020-q2-update.win32_2.0.0.202105311346/tools/bin/../lib/gcc/arm-none-eabi/9.3.1/../../../../arm-none-eabi/lib/thumb/v7-m/nofp\libc_nano.a(lib_a-exit.o) (_global_impure_ptr)
c:/st/stm32cubeide_1.7.0/stm32cubeide/plugins/com.st.stm32cube.ide.mcu.externaltools.gnu-tools-for-stm32.9-2020-q2-update.win32_2.0.0.202105311346/tools/bin/../lib/gcc/arm-none-eabi/9.3.1/../../../../arm-none-eabi/lib/thumb/v7-m/nofp\libc_nano.a(lib_a-init.o)
                              c:/st/stm32cubeide_1.7.0/stm32cubeide/plugins/com.st.stm32cube.ide.mcu.externaltools.gnu-tools-for-stm32.9-2020-q2-update.win32_2.0.0.202105311346/tools/bin/../lib/gcc/arm-none-eabi/9.3.1/../../../../arm-none-eabi/lib/thumb/v7-m/nofp/crt0.o (__libc_init_array)
c:/st/stm32cubeide_1.7.0/stm32cubeide/plugins/com.st.stm32cube.ide.mcu.externaltools.gnu-tools-for-stm32.9-2020-q2-update.win32_2.0.0.202105311346/tools/bin/../lib/gcc/arm-none-eabi/9.3.1/../../../../arm-none-eabi/lib/thumb/v7-m/nofp\libc_nano.a(lib_a-memset.o)
                              c:/st/stm32cubeide_1.7.0/stm32cubeide/plugins/com.st.stm32cube.ide.mcu.externaltools.gnu-tools-for-stm32.9-2020-q2-update.win32_2.0.0.202105311346/tools/bin/../lib/gcc/arm-none-eabi/9.3.1/../../../../arm-none-eabi/lib/thumb/v7-m/nofp/crt0.o (memset)

Allocating common symbols
Common symbol       size              file

uwTick              0x4               ./Drivers/STM32F1xx_HAL_Driver/Src/stm32f1xx_hal.o
pFlash              0x20              ./Drivers/STM32F1xx_HAL_Driver/Src/stm32f1xx_hal_flash.o
htim2               0x48              ./Core/Src/main.o

Discarded input sections

 .text          0x0000000000000000        0x0 c:/st/stm32cubeide_1.7.0/stm32cubeide/plugins/com.st.stm32cube.ide.mcu.externaltools.gnu-tools-for-stm32.9-2020-q2-update.win32_2.0.0.202105311346/tools/bin/../lib/gcc/arm-none-eabi/9.3.1/thumb/v7-m/nofp/crti.o
 .data          0x0000000000000000        0x0 c:/st/stm32cubeide_1.7.0/stm32cubeide/plugins/com.st.stm32cube.ide.mcu.externaltools.gnu-tools-for-stm32.9-2020-q2-update.win32_2.0.0.202105311346/tools/bin/../lib/gcc/arm-none-eabi/9.3.1/thumb/v7-m/nofp/crti.o
 .bss           0x0000000000000000        0x0 c:/st/stm32cubeide_1.7.0/stm32cubeide/plugins/com.st.stm32cube.ide.mcu.externaltools.gnu-tools-for-stm32.9-2020-q2-update.win32_2.0.0.202105311346/tools/bin/../lib/gcc/arm-none-eabi/9.3.1/thumb/v7-m/nofp/crti.o
 .data          0x0000000000000000        0x4 c:/st/stm32cubeide_1.7.0/stm32cubeide/plugins/com.st.stm32cube.ide.mcu.externaltools.gnu-tools-for-stm32.9-2020-q2-update.win32_2.0.0.202105311346/tools/bin/../lib/gcc/arm-none-eabi/9.3.1/thumb/v7-m/nofp/crtbegin.o
 .text          0x0000000000000000       0x7c c:/st/stm32cubeide_1.7.0/stm32cubeide/plugins/com.st.stm32cube.ide.mcu.externaltools.gnu-tools-for-stm32.9-2020-q2-update.win32_2.0.0.202105311346/tools/bin/../lib/gcc/arm-none-eabi/9.3.1/../../../../arm-none-eabi/lib/thumb/v7-m/nofp/crt0.o
 .data          0x0000000000000000        0x0 c:/st/stm32cubeide_1.7.0/stm32cubeide/plugins/com.st.stm32cube.ide.mcu.externaltools.gnu-tools-for-stm32.9-2020-q2-update.win32_2.0.0.202105311346/tools/bin/../lib/gcc/arm-none-eabi/9.3.1/../../../../arm-none-eabi/lib/thumb/v7-m/nofp/crt0.o
 .bss           0x0000000000000000        0x0 c:/st/stm32cubeide_1.7.0/stm32cubeide/plugins/com.st.stm32cube.ide.mcu.externaltools.gnu-tools-for-stm32.9-2020-q2-update.win32_2.0.0.202105311346/tools/bin/../lib/gcc/arm-none-eabi/9.3.1/../../../../arm-none-eabi/lib/thumb/v7-m/nofp/crt0.o
[...]
Memory Configuration

Name             Origin             Length             Attributes
RAM              0x0000000020000000 0x0000000000002800 xrw
FLASH            0x0000000008000000 0x0000000000008000 xr
*default*        0x0000000000000000 0xffffffffffffffff

Linker script and memory map

LOAD c:/st/stm32cubeide_1.7.0/stm32cubeide/plugins/com.st.stm32cube.ide.mcu.externaltools.gnu-tools-for-stm32.9-2020-q2-update.win32_2.0.0.202105311346/tools/bin/../lib/gcc/arm-none-eabi/9.3.1/thumb/v7-m/nofp/crti.o
LOAD c:/st/stm32cubeide_1.7.0/stm32cubeide/plugins/com.st.stm32cube.ide.mcu.externaltools.gnu-tools-for-stm32.9-2020-q2-update.win32_2.0.0.202105311346/tools/bin/../lib/gcc/arm-none-eabi/9.3.1/thumb/v7-m/nofp/crtbegin.o
LOAD c:/st/stm32cubeide_1.7.0/stm32cubeide/plugins/com.st.stm32cube.ide.mcu.externaltools.gnu-tools-for-stm32.9-2020-q2-update.win32_2.0.0.202105311346/tools/bin/../lib/gcc/arm-none-eabi/9.3.1/../../../../arm-none-eabi/lib/thumb/v7-m/nofp/crt0.o
LOAD ./Core/Src/button.o
LOAD ./Core/Src/display.o
LOAD ./Core/Src/fsm.o
LOAD ./Core/Src/global.o
LOAD ./Core/Src/main.o
LOAD ./Core/Src/softwareTimer.o
LOAD ./Core/Src/stm32f1xx_hal_msp.o
LOAD ./Core/Src/stm32f1xx_it.o
LOAD ./Core/Src/syscalls.o
LOAD ./Core/Src/sysmem.o
LOAD ./Core/Src/system_stm32f1xx.o
LOAD ./Core/Startup/startup_stm32f103c6ux.o
LOAD ./Drivers/STM32F1xx_HAL_Driver/Src/stm32f1xx_hal.o
LOAD ./Drivers/STM32F1xx_HAL_Driver/Src/stm32f1xx_hal_cortex.o
LOAD ./Drivers/STM32F1xx_HAL_Driver/Src/stm32f1xx_hal_dma.o
LOAD ./Drivers/STM32F1xx_HAL_Driver/Src/stm32f1xx_hal_exti.o
LOAD ./Drivers/STM32F1xx_HAL_Driver/Src/stm32f1xx_hal_flash.o
LOAD ./Drivers/STM32F1xx_HAL_Driver/Src/stm32f1xx_hal_flash_ex.o
LOAD ./Drivers/STM32F1xx_HAL_Driver/Src/stm32f1xx_hal_gpio.o
LOAD ./Drivers/STM32F1xx_HAL_Driver/Src/stm32f1xx_hal_gpio_ex.o
LOAD ./Drivers/STM32F1xx_HAL_Driver/Src/stm32f1xx_hal_pwr.o
LOAD ./Drivers/STM32F1xx_HAL_Driver/Src/stm32f1xx_hal_rcc.o
LOAD ./Drivers/STM32F1xx_HAL_Driver/Src/stm32f1xx_hal_rcc_ex.o
LOAD ./Drivers/STM32F1xx_HAL_Driver/Src/stm32f1xx_hal_tim.o
LOAD ./Drivers/STM32F1xx_HAL_Driver/Src/stm32f1xx_hal_tim_ex.o
START GROUP
LOAD c:/st/stm32cubeide_1.7.0/stm32cubeide/plugins/com.st.stm32cube.ide.mcu.externaltools.gnu-tools-for-stm32.9-2020-q2-update.win32_2.0.0.202105311346/tools/bin/../lib/gcc/arm-none-eabi/9.3.1/../../../../arm-none-eabi/lib/thumb/v7-m/nofp\libc_nano.a
LOAD c:/st/stm32cubeide_1.7.0/stm32cubeide/plugins/com.st.stm32cube.ide.mcu.externaltools.gnu-tools-for-stm32.9-2020-q2-update.win32_2.0.0.202105311346/tools/bin/../lib/gcc/arm-none-eabi/9.3.1/../../../../arm-none-eabi/lib/thumb/v7-m/nofp\libm.a
END GROUP
START GROUP
LOAD c:/st/stm32cubeide_1.7.0/stm32cubeide/plugins/com.st.stm32cube.ide.mcu.externaltools.gnu-tools-for-stm32.9-2020-q2-update.win32_2.0.0.202105311346/tools/bin/../lib/gcc/arm-none-eabi/9.3.1/thumb/v7-m/nofp\libgcc.a
LOAD c:/st/stm32cubeide_1.7.0/stm32cubeide/plugins/com.st.stm32cube.ide.mcu.externaltools.gnu-tools-for-stm32.9-2020-q2-update.win32_2.0.0.202105311346/tools/bin/../lib/gcc/arm-none-eabi/9.3.1/../../../../arm-none-eabi/lib/thumb/v7-m/nofp\libc_nano.a
END GROUP
START GROUP
LOAD c:/st/stm32cubeide_1.7.0/stm32cubeide/plugins/com.st.stm32cube.ide.mcu.externaltools.gnu-tools-for-stm32.9-2020-q2-update.win32_2.0.0.202105311346/tools/bin/../lib/gcc/arm-none-eabi/9.3.1/thumb/v7-m/nofp\libgcc.a
LOAD c:/st/stm32cubeide_1.7.0/stm32cubeide/plugins/com.st.stm32cube.ide.mcu.externaltools.gnu-tools-for-stm32.9-2020-q2-update.win32_2.0.0.202105311346/tools/bin/../lib/gcc/arm-none-eabi/9.3.1/../../../../arm-none-eabi/lib/thumb/v7-m/nofp\libc_nano.a
LOAD c:/st/stm32cubeide_1.7.0/stm32cubeide/plugins/com.st.stm32cube.ide.mcu.externaltools.gnu-tools-for-stm32.9-2020-q2-update.win32_2.0.0.202105311346/tools/bin/../lib/gcc/arm-none-eabi/9.3.1/../../../../arm-none-eabi/lib/thumb/v7-m/nofp\libnosys.a
END GROUP
START GROUP
LOAD c:/st/stm32cubeide_1.7.0/stm32cubeide/plugins/com.st.stm32cube.ide.mcu.externaltools.gnu-tools-for-stm32.9-2020-q2-update.win32_2.0.0.202105311346/tools/bin/../lib/gcc/arm-none-eabi/9.3.1/thumb/v7-m/nofp\libgcc.a
LOAD c:/st/stm32cubeide_1.7.0/stm32cubeide/plugins/com.st.stm32cube.ide.mcu.externaltools.gnu-tools-for-stm32.9-2020-q2-update.win32_2.0.0.202105311346/tools/bin/../lib/gcc/arm-none-eabi/9.3.1/../../../../arm-none-eabi/lib/thumb/v7-m/nofp\libc_nano.a
LOAD c:/st/stm32cubeide_1.7.0/stm32cubeide/plugins/com.st.stm32cube.ide.mcu.externaltools.gnu-tools-for-stm32.9-2020-q2-update.win32_2.0.0.202105311346/tools/bin/../lib/gcc/arm-none-eabi/9.3.1/../../../../arm-none-eabi/lib/thumb/v7-m/nofp\libnosys.a
END GROUP
LOAD c:/st/stm32cubeide_1.7.0/stm32cubeide/plugins/com.st.stm32cube.ide.mcu.externaltools.gnu-tools-for-stm32.9-2020-q2-update.win32_2.0.0.202105311346/tools/bin/../lib/gcc/arm-none-eabi/9.3.1/thumb/v7-m/nofp/crtend.o
LOAD c:/st/stm32cubeide_1.7.0/stm32cubeide/plugins/com.st.stm32cube.ide.mcu.externaltools.gnu-tools-for-stm32.9-2020-q2-update.win32_2.0.0.202105311346/tools/bin/../lib/gcc/arm-none-eabi/9.3.1/thumb/v7-m/nofp/crtn.o
                0x0000000020002800                _estack = (ORIGIN (RAM) + LENGTH (RAM))
                0x0000000000000200                _Min_Heap_Size = 0x200
                0x0000000000000400                _Min_Stack_Size = 0x400

.isr_vector     0x0000000008000000      0x10c
                0x0000000008000000                . = ALIGN (0x4)
 *(.isr_vector)
 .isr_vector    0x0000000008000000      0x10c ./Core/Startup/startup_stm32f103c6ux.o
                0x0000000008000000                g_pfnVectors
                0x000000000800010c                . = ALIGN (0x4)

.text           0x000000000800010c     0x20b4
                0x000000000800010c                . = ALIGN (0x4)
 *(.text)
 .text          0x000000000800010c       0x40 c:/st/stm32cubeide_1.7.0/stm32cubeide/plugins/com.st.stm32cube.ide.mcu.externaltools.gnu-tools-for-stm32.9-2020-q2-update.win32_2.0.0.202105311346/tools/bin/../lib/gcc/arm-none-eabi/9.3.1/thumb/v7-m/nofp/crtbegin.o
 *(.text*)
 .text.isButtonResetPressed
                0x000000000800014c       0x24 ./Core/Src/button.o
                0x000000000800014c                isButtonResetPressed
 .text.isButtonIncPressed
                0x0000000008000170       0x24 ./Core/Src/button.o
                0x0000000008000170                isButtonIncPressed
 .text.isButtonDecPressed
                0x0000000008000194       0x24 ./Core/Src/button.o
                0x0000000008000194                isButtonDecPressed
 .text.subKeyResetProcess
                0x00000000080001b8       0x18 ./Core/Src/button.o
                0x00000000080001b8                subKeyResetProcess
 .text.subKeyIncProcess
                0x00000000080001d0       0x18 ./Core/Src/button.o
                0x00000000080001d0                subKeyIncProcess
 .text.subKeyDecProcess
                0x00000000080001e8       0x18 ./Core/Src/button.o
                0x00000000080001e8                subKeyDecProcess
 .text.getKeyInputReset
                0x0000000008000200       0xa8 ./Core/Src/button.o
                0x0000000008000200                getKeyInputReset
 .text.getKeyInputInc
                0x00000000080002a8       0xa8 ./Core/Src/button.o
                0x00000000080002a8                getKeyInputInc
 .text.getKeyInputDec
                0x0000000008000350       0xa8 ./Core/Src/button.o
                0x0000000008000350                getKeyInputDec
 .text.blinkyLedRed
                0x00000000080003f8       0x28 ./Core/Src/display.o
                0x00000000080003f8                blinkyLedRed
 .text.display7SEG
                0x0000000008000420      0x11c ./Core/Src/display.o
                0x0000000008000420                display7SEG
 .text.fsm_simple_buttons_run
                0x000000000800053c      0x170 ./Core/Src/fsm.o
                0x000000000800053c                fsm_simple_buttons_run
 .text.main     0x00000000080006ac       0x48 ./Core/Src/main.o
                0x00000000080006ac                main
 .text.SystemClock_Config
                0x00000000080006f4       0x76 ./Core/Src/main.o
                0x00000000080006f4                SystemClock_Config
 *fill*         0x000000000800076a        0x2 
 .text.MX_TIM2_Init
                0x000000000800076c       0x98 ./Core/Src/main.o
 .text.MX_GPIO_Init
                0x0000000008000804       0xc0 ./Core/Src/main.o
 .text.HAL_TIM_PeriodElapsedCallback
                0x00000000080008c4       0x20 ./Core/Src/main.o
                0x00000000080008c4                HAL_TIM_PeriodElapsedCallback
 .text.Error_Handler
                0x00000000080008e4        0xa ./Core/Src/main.o
                0x00000000080008e4                Error_Handler
 *fill*         0x00000000080008ee        0x2 
 .text.setTimer1ForLed
                0x00000000080008f0       0x28 ./Core/Src/softwareTimer.o
                0x00000000080008f0                setTimer1ForLed
 .text.setTimer2ForAutoCountDown
                0x0000000008000918       0x28 ./Core/Src/softwareTimer.o
                0x0000000008000918                setTimer2ForAutoCountDown
 .text.setTimer3ForTimeOut
                0x0000000008000940       0x28 ./Core/Src/softwareTimer.o
                0x0000000008000940                setTimer3ForTimeOut
 .text.timerRun
                0x0000000008000968       0x84 ./Core/Src/softwareTimer.o
                0x0000000008000968                timerRun
 .text.HAL_MspInit
                0x00000000080009ec       0x64 ./Core/Src/stm32f1xx_hal_msp.o
                0x00000000080009ec                HAL_MspInit
 .text.HAL_TIM_Base_MspInit
                0x0000000008000a50       0x48 ./Core/Src/stm32f1xx_hal_msp.o
                0x0000000008000a50                HAL_TIM_Base_MspInit
 .text.NMI_Handler
                0x0000000008000a98        0x6 ./Core/Src/stm32f1xx_it.o
                0x0000000008000a98                NMI_Handler
 .text.HardFault_Handler
                0x0000000008000a9e        0x6 ./Core/Src/stm32f1xx_it.o
                0x0000000008000a9e                HardFault_Handler
 .text.MemManage_Handler
                0x0000000008000aa4        0x6 ./Core/Src/stm32f1xx_it.o
                0x0000000008000aa4                MemManage_Handler
 .text.BusFault_Handler
                0x0000000008000aaa        0x6 ./Core/Src/stm32f1xx_it.o
                0x0000000008000aaa                BusFault_Handler
 .text.UsageFault_Handler
                0x0000000008000ab0        0x6 ./Core/Src/stm32f1xx_it.o
                0x0000000008000ab0                UsageFault_Handler
 .text.SVC_Handler
                0x0000000008000ab6        0xc ./Core/Src/stm32f1xx_it.o
                0x0000000008000ab6                SVC_Handler
 .text.DebugMon_Handler
                0x0000000008000ac2        0xc ./Core/Src/stm32f1xx_it.o
                0x0000000008000ac2                DebugMon_Handler
 .text.PendSV_Handler
                0x0000000008000ace        0xc ./Core/Src/stm32f1xx_it.o
                0x0000000008000ace                PendSV_Handler
 .text.SysTick_Handler
                0x0000000008000ada        0xc ./Core/Src/stm32f1xx_it.o
                0x0000000008000ada                SysTick_Handler
 *fill*         0x0000000008000ae6        0x2 
 .text.TIM2_IRQHandler
                0x0000000008000ae8       0x14 ./Core/Src/stm32f1xx_it.o
                0x0000000008000ae8                TIM2_IRQHandler
 .text.SystemInit
                0x0000000008000afc        0xc ./Core/Src/system_stm32f1xx.o
                0x0000000008000afc                SystemInit
 .text.Reset_Handler
                0x0000000008000b08       0x48 ./Core/Startup/startup_stm32f103c6ux.o
                0x0000000008000b08                Reset_Handler
 .text.Default_Handler
                0x0000000008000b50        0x2 ./Core/Startup/startup_stm32f103c6ux.o
                0x0000000008000b50                RTC_Alarm_IRQHandler
                0x0000000008000b50                EXTI2_IRQHandler
                0x0000000008000b50                TIM1_CC_IRQHandler
                0x0000000008000b50                PVD_IRQHandler
                0x0000000008000b50                EXTI3_IRQHandler
                0x0000000008000b50                EXTI0_IRQHandler
                0x0000000008000b50                ADC1_2_IRQHandler
                0x0000000008000b50                SPI1_IRQHandler
                0x0000000008000b50                TAMPER_IRQHandler
                0x0000000008000b50                DMA1_Channel4_IRQHandler
                0x0000000008000b50                RTC_IRQHandler
                0x0000000008000b50                DMA1_Channel7_IRQHandler
                0x0000000008000b50                CAN1_RX1_IRQHandler
                0x0000000008000b50                I2C1_EV_IRQHandler
                0x0000000008000b50                DMA1_Channel6_IRQHandler
                0x0000000008000b50                TIM3_IRQHandler
                0x0000000008000b50                RCC_IRQHandler
                0x0000000008000b50                TIM1_TRG_COM_IRQHandler
                0x0000000008000b50                DMA1_Channel1_IRQHandler
                0x0000000008000b50                Default_Handler
                0x0000000008000b50                EXTI15_10_IRQHandler
                0x0000000008000b50                EXTI9_5_IRQHandler
                0x0000000008000b50                DMA1_Channel5_IRQHandler
                0x0000000008000b50                EXTI4_IRQHandler
                0x0000000008000b50                USB_LP_CAN1_RX0_IRQHandler
                0x0000000008000b50                USB_HP_CAN1_TX_IRQHandler
                0x0000000008000b50                DMA1_Channel3_IRQHandler
                0x0000000008000b50                TIM1_UP_IRQHandler
                0x0000000008000b50                WWDG_IRQHandler
                0x0000000008000b50                TIM1_BRK_IRQHandler
                0x0000000008000b50                EXTI1_IRQHandler
                0x0000000008000b50                USART2_IRQHandler
                0x0000000008000b50                DMA1_Channel2_IRQHandler
                0x0000000008000b50                CAN1_SCE_IRQHandler
                0x0000000008000b50                FLASH_IRQHandler
                0x0000000008000b50                USART1_IRQHandler
                0x0000000008000b50                I2C1_ER_IRQHandler
                0x0000000008000b50                USBWakeUp_IRQHandler
 *fill*         0x0000000008000b52        0x2 
 .text.HAL_Init
                0x0000000008000b54       0x2c ./Drivers/STM32F1xx_HAL_Driver/Src/stm32f1xx_hal.o
                0x0000000008000b54                HAL_Init
 .text.HAL_InitTick
                0x0000000008000b80       0x60 ./Drivers/STM32F1xx_HAL_Driver/Src/stm32f1xx_hal.o
                0x0000000008000b80                HAL_InitTick
 .text.HAL_IncTick
                0x0000000008000be0       0x24 ./Drivers/STM32F1xx_HAL_Driver/Src/stm32f1xx_hal.o
                0x0000000008000be0                HAL_IncTick
 .text.HAL_GetTick
                0x0000000008000c04       0x14 ./Drivers/STM32F1xx_HAL_Driver/Src/stm32f1xx_hal.o
                0x0000000008000c04                HAL_GetTick
 .text.__NVIC_SetPriorityGrouping
                0x0000000008000c18       0x48 ./Drivers/STM32F1xx_HAL_Driver/Src/stm32f1xx_hal_cortex.o
 .text.__NVIC_GetPriorityGrouping
                0x0000000008000c60       0x1c ./Drivers/STM32F1xx_HAL_Driver/Src/stm32f1xx_hal_cortex.o
 .text.__NVIC_EnableIRQ
                0x0000000008000c7c       0x38 ./Drivers/STM32F1xx_HAL_Driver/Src/stm32f1xx_hal_cortex.o
 .text.__NVIC_SetPriority
                0x0000000008000cb4       0x54 ./Drivers/STM32F1xx_HAL_Driver/Src/stm32f1xx_hal_cortex.o
 .text.NVIC_EncodePriority
                0x0000000008000d08       0x64 ./Drivers/STM32F1xx_HAL_Driver/Src/stm32f1xx_hal_cortex.o
 .text.SysTick_Config
                0x0000000008000d6c       0x44 ./Drivers/STM32F1xx_HAL_Driver/Src/stm32f1xx_hal_cortex.o
 .text.HAL_NVIC_SetPriorityGrouping
                0x0000000008000db0       0x16 ./Drivers/STM32F1xx_HAL_Driver/Src/stm32f1xx_hal_cortex.o
                0x0000000008000db0                HAL_NVIC_SetPriorityGrouping
 .text.HAL_NVIC_SetPriority
                0x0000000008000dc6       0x38 ./Drivers/STM32F1xx_HAL_Driver/Src/stm32f1xx_hal_cortex.o
                0x0000000008000dc6                HAL_NVIC_SetPriority
 .text.HAL_NVIC_EnableIRQ
                0x0000000008000dfe       0x1c ./Drivers/STM32F1xx_HAL_Driver/Src/stm32f1xx_hal_cortex.o
                0x0000000008000dfe                HAL_NVIC_EnableIRQ
 .text.HAL_SYSTICK_Config
                0x0000000008000e1a       0x18 ./Drivers/STM32F1xx_HAL_Driver/Src/stm32f1xx_hal_cortex.o
                0x0000000008000e1a                HAL_SYSTICK_Config
 *fill*         0x0000000008000e32        0x2 
 .text.HAL_GPIO_Init
                0x0000000008000e34      0x2f4 ./Drivers/STM32F1xx_HAL_Driver/Src/stm32f1xx_hal_gpio.o
                0x0000000008000e34                HAL_GPIO_Init
 .text.HAL_GPIO_ReadPin
                0x0000000008001128       0x2e ./Drivers/STM32F1xx_HAL_Driver/Src/stm32f1xx_hal_gpio.o
                0x0000000008001128                HAL_GPIO_ReadPin
 .text.HAL_GPIO_WritePin
                0x0000000008001156       0x30 ./Drivers/STM32F1xx_HAL_Driver/Src/stm32f1xx_hal_gpio.o
                0x0000000008001156                HAL_GPIO_WritePin
 .text.HAL_GPIO_TogglePin
                0x0000000008001186       0x32 ./Drivers/STM32F1xx_HAL_Driver/Src/stm32f1xx_hal_gpio.o
                0x0000000008001186                HAL_GPIO_TogglePin
 .text.HAL_RCC_OscConfig
                0x00000000080011b8      0x500 ./Drivers/STM32F1xx_HAL_Driver/Src/stm32f1xx_hal_rcc.o
                0x00000000080011b8                HAL_RCC_OscConfig
 .text.HAL_RCC_ClockConfig
                0x00000000080016b8      0x1d4 ./Drivers/STM32F1xx_HAL_Driver/Src/stm32f1xx_hal_rcc.o
                0x00000000080016b8                HAL_RCC_ClockConfig
 .text.HAL_RCC_GetSysClockFreq
                0x000000000800188c       0xc0 ./Drivers/STM32F1xx_HAL_Driver/Src/stm32f1xx_hal_rcc.o
                0x000000000800188c                HAL_RCC_GetSysClockFreq
 .text.RCC_Delay
                0x000000000800194c       0x3c ./Drivers/STM32F1xx_HAL_Driver/Src/stm32f1xx_hal_rcc.o
 .text.HAL_TIM_Base_Init
                0x0000000008001988       0x9e ./Drivers/STM32F1xx_HAL_Driver/Src/stm32f1xx_hal_tim.o
                0x0000000008001988                HAL_TIM_Base_Init
 *fill*         0x0000000008001a26        0x2 
 .text.HAL_TIM_Base_Start_IT
                0x0000000008001a28       0x98 ./Drivers/STM32F1xx_HAL_Driver/Src/stm32f1xx_hal_tim.o
                0x0000000008001a28                HAL_TIM_Base_Start_IT
 .text.HAL_TIM_IRQHandler
                0x0000000008001ac0      0x210 ./Drivers/STM32F1xx_HAL_Driver/Src/stm32f1xx_hal_tim.o
                0x0000000008001ac0                HAL_TIM_IRQHandler
 .text.HAL_TIM_ConfigClockSource
                0x0000000008001cd0      0x188 ./Drivers/STM32F1xx_HAL_Driver/Src/stm32f1xx_hal_tim.o
                0x0000000008001cd0                HAL_TIM_ConfigClockSource
 .text.HAL_TIM_OC_DelayElapsedCallback
                0x0000000008001e58       0x12 ./Drivers/STM32F1xx_HAL_Driver/Src/stm32f1xx_hal_tim.o
                0x0000000008001e58                HAL_TIM_OC_DelayElapsedCallback
 .text.HAL_TIM_IC_CaptureCallback
                0x0000000008001e6a       0x12 ./Drivers/STM32F1xx_HAL_Driver/Src/stm32f1xx_hal_tim.o
                0x0000000008001e6a                HAL_TIM_IC_CaptureCallback
 .text.HAL_TIM_PWM_PulseFinishedCallback
                0x0000000008001e7c       0x12 ./Drivers/STM32F1xx_HAL_Driver/Src/stm32f1xx_hal_tim.o
                0x0000000008001e7c                HAL_TIM_PWM_PulseFinishedCallback
 .text.HAL_TIM_TriggerCallback
                0x0000000008001e8e       0x12 ./Drivers/STM32F1xx_HAL_Driver/Src/stm32f1xx_hal_tim.o
                0x0000000008001e8e                HAL_TIM_TriggerCallback
 .text.TIM_Base_SetConfig
                0x0000000008001ea0       0xb0 ./Drivers/STM32F1xx_HAL_Driver/Src/stm32f1xx_hal_tim.o
                0x0000000008001ea0                TIM_Base_SetConfig
 .text.TIM_TI1_ConfigInputStage
                0x0000000008001f50       0x5c ./Drivers/STM32F1xx_HAL_Driver/Src/stm32f1xx_hal_tim.o
 .text.TIM_TI2_ConfigInputStage
                0x0000000008001fac       0x5e ./Drivers/STM32F1xx_HAL_Driver/Src/stm32f1xx_hal_tim.o
 .text.TIM_ITRx_SetConfig
                0x000000000800200a       0x34 ./Drivers/STM32F1xx_HAL_Driver/Src/stm32f1xx_hal_tim.o
 .text.TIM_ETR_SetConfig
                0x000000000800203e       0x3e ./Drivers/STM32F1xx_HAL_Driver/Src/stm32f1xx_hal_tim.o
                0x000000000800203e                TIM_ETR_SetConfig
 .text.HAL_TIMEx_MasterConfigSynchronization
                0x000000000800207c       0xb0 ./Drivers/STM32F1xx_HAL_Driver/Src/stm32f1xx_hal_tim_ex.o
                0x000000000800207c                HAL_TIMEx_MasterConfigSynchronization
 .text.HAL_TIMEx_CommutCallback
                0x000000000800212c       0x12 ./Drivers/STM32F1xx_HAL_Driver/Src/stm32f1xx_hal_tim_ex.o
                0x000000000800212c                HAL_TIMEx_CommutCallback
 .text.HAL_TIMEx_BreakCallback
                0x000000000800213e       0x12 ./Drivers/STM32F1xx_HAL_Driver/Src/stm32f1xx_hal_tim_ex.o
                0x000000000800213e                HAL_TIMEx_BreakCallback
 .text.__libc_init_array
                0x0000000008002150       0x48 c:/st/stm32cubeide_1.7.0/stm32cubeide/plugins/com.st.stm32cube.ide.mcu.externaltools.gnu-tools-for-stm32.9-2020-q2-update.win32_2.0.0.202105311346/tools/bin/../lib/gcc/arm-none-eabi/9.3.1/../../../../arm-none-eabi/lib/thumb/v7-m/nofp\libc_nano.a(lib_a-init.o)
                0x0000000008002150                __libc_init_array
 .text.memset   0x0000000008002198       0x10 c:/st/stm32cubeide_1.7.0/stm32cubeide/plugins/com.st.stm32cube.ide.mcu.externaltools.gnu-tools-for-stm32.9-2020-q2-update.win32_2.0.0.202105311346/tools/bin/../lib/gcc/arm-none-eabi/9.3.1/../../../../arm-none-eabi/lib/thumb/v7-m/nofp\libc_nano.a(lib_a-memset.o)
                0x0000000008002198                memset
 *(.glue_7)
 .glue_7        0x00000000080021a8        0x0 linker stubs
 *(.glue_7t)
 .glue_7t       0x00000000080021a8        0x0 linker stubs
 *(.eh_frame)
 .eh_frame      0x00000000080021a8        0x0 c:/st/stm32cubeide_1.7.0/stm32cubeide/plugins/com.st.stm32cube.ide.mcu.externaltools.gnu-tools-for-stm32.9-2020-q2-update.win32_2.0.0.202105311346/tools/bin/../lib/gcc/arm-none-eabi/9.3.1/thumb/v7-m/nofp/crtbegin.o
 *(.init)
 .init          0x00000000080021a8        0x4 c:/st/stm32cubeide_1.7.0/stm32cubeide/plugins/com.st.stm32cube.ide.mcu.externaltools.gnu-tools-for-stm32.9-2020-q2-update.win32_2.0.0.202105311346/tools/bin/../lib/gcc/arm-none-eabi/9.3.1/thumb/v7-m/nofp/crti.o
                0x00000000080021a8                _init
 .init          0x00000000080021ac        0x8 c:/st/stm32cubeide_1.7.0/stm32cubeide/plugins/com.st.stm32cube.ide.mcu.externaltools.gnu-tools-for-stm32.9-2020-q2-update.win32_2.0.0.202105311346/tools/bin/../lib/gcc/arm-none-eabi/9.3.1/thumb/v7-m/nofp/crtn.o
 *(.fini)
 .fini          0x00000000080021b4        0x4 c:/st/stm32cubeide_1.7.0/stm32cubeide/plugins/com.st.stm32cube.ide.mcu.externaltools.gnu-tools-for-stm32.9-2020-q2-update.win32_2.0.0.202105311346/tools/bin/../lib/gcc/arm-none-eabi/9.3.1/thumb/v7-m/nofp/crti.o
                0x00000000080021b4                _fini
 .fini          0x00000000080021b8        0x8 c:/st/stm32cubeide_1.7.0/stm32cubeide/plugins/com.st.stm32cube.ide.mcu.externaltools.gnu-tools-for-stm32.9-2020-q2-update.win32_2.0.0.202105311346/tools/bin/../lib/gcc/arm-none-eabi/9.3.1/thumb/v7-m/nofp/crtn.o
                0x00000000080021c0                . = ALIGN (0x4)
                0x00000000080021c0                _etext = .

.vfp11_veneer   0x00000000080021c0        0x0
 .vfp11_veneer  0x00000000080021c0        0x0 linker stubs

.v4_bx          0x00000000080021c0        0x0
 .v4_bx         0x00000000080021c0        0x0 linker stubs

.iplt           0x00000000080021c0        0x0
 .iplt          0x00000000080021c0        0x0 c:/st/stm32cubeide_1.7.0/stm32cubeide/plugins/com.st.stm32cube.ide.mcu.externaltools.gnu-tools-for-stm32.9-2020-q2-update.win32_2.0.0.202105311346/tools/bin/../lib/gcc/arm-none-eabi/9.3.1/thumb/v7-m/nofp/crtbegin.o

.rodata         0x00000000080021c0       0x20
                0x00000000080021c0                . = ALIGN (0x4)
 *(.rodata)
 .rodata        0x00000000080021c0       0x10 ./Drivers/STM32F1xx_HAL_Driver/Src/stm32f1xx_hal_rcc.o
 *(.rodata*)
 .rodata.AHBPrescTable
                0x00000000080021d0       0x10 ./Core/Src/system_stm32f1xx.o
                0x00000000080021d0                AHBPrescTable
                0x00000000080021e0                . = ALIGN (0x4)

.rel.dyn        0x00000000080021e0        0x0
 .rel.iplt      0x00000000080021e0        0x0 c:/st/stm32cubeide_1.7.0/stm32cubeide/plugins/com.st.stm32cube.ide.mcu.externaltools.gnu-tools-for-stm32.9-2020-q2-update.win32_2.0.0.202105311346/tools/bin/../lib/gcc/arm-none-eabi/9.3.1/thumb/v7-m/nofp/crtbegin.o

.ARM.extab      0x00000000080021e0        0x0
                0x00000000080021e0                . = ALIGN (0x4)
 *(.ARM.extab* .gnu.linkonce.armextab.*)
                0x00000000080021e0                . = ALIGN (0x4)

.ARM            0x00000000080021e0        0x0
                0x00000000080021e0                . = ALIGN (0x4)
                0x00000000080021e0                __exidx_start = .
 *(.ARM.exidx*)
                0x00000000080021e0                __exidx_end = .
                0x00000000080021e0                . = ALIGN (0x4)

.preinit_array  0x00000000080021e0        0x0
                0x00000000080021e0                . = ALIGN (0x4)
                0x00000000080021e0                PROVIDE (__preinit_array_start = .)
 *(.preinit_array*)
                0x00000000080021e0                PROVIDE (__preinit_array_end = .)
                0x00000000080021e0                . = ALIGN (0x4)

.init_array     0x00000000080021e0        0x4
                0x00000000080021e0                . = ALIGN (0x4)
                0x00000000080021e0                PROVIDE (__init_array_start = .)
 *(SORT_BY_NAME(.init_array.*))
 *(.init_array*)
 .init_array    0x00000000080021e0        0x4 c:/st/stm32cubeide_1.7.0/stm32cubeide/plugins/com.st.stm32cube.ide.mcu.externaltools.gnu-tools-for-stm32.9-2020-q2-update.win32_2.0.0.202105311346/tools/bin/../lib/gcc/arm-none-eabi/9.3.1/thumb/v7-m/nofp/crtbegin.o
                0x00000000080021e4                PROVIDE (__init_array_end = .)
                0x00000000080021e4                . = ALIGN (0x4)

.fini_array     0x00000000080021e4        0x4
                0x00000000080021e4                . = ALIGN (0x4)
                [!provide]                        PROVIDE (__fini_array_start = .)
 *(SORT_BY_NAME(.fini_array.*))
 *(.fini_array*)
 .fini_array    0x00000000080021e4        0x4 c:/st/stm32cubeide_1.7.0/stm32cubeide/plugins/com.st.stm32cube.ide.mcu.externaltools.gnu-tools-for-stm32.9-2020-q2-update.win32_2.0.0.202105311346/tools/bin/../lib/gcc/arm-none-eabi/9.3.1/thumb/v7-m/nofp/crtbegin.o
                [!provide]                        PROVIDE (__fini_array_end = .)
                0x00000000080021e8                . = ALIGN (0x4)
                0x00000000080021e8                _sidata = LOADADDR (.data)

.data           0x0000000020000000       0x48 load address 0x00000000080021e8
                0x0000000020000000                . = ALIGN (0x4)
                0x0000000020000000                _sdata = .
 *(.data)
 *(.data*)
 .data.key_reg0
                0x0000000020000000        0x4 ./Core/Src/button.o
                0x0000000020000000                key_reg0
 .data.key_reg1
                0x0000000020000004        0x4 ./Core/Src/button.o
                0x0000000020000004                key_reg1
 .data.key_reg2
                0x0000000020000008        0x4 ./Core/Src/button.o
                0x0000000020000008                key_reg2
 .data.stable_state1
                0x000000002000000c        0x4 ./Core/Src/button.o
                0x000000002000000c                stable_state1
 .data.key_reg3
                0x0000000020000010        0x4 ./Core/Src/button.o
                0x0000000020000010                key_reg3
 .data.key_reg4
                0x0000000020000014        0x4 ./Core/Src/button.o
                0x0000000020000014                key_reg4
 .data.key_reg5
                0x0000000020000018        0x4 ./Core/Src/button.o
                0x0000000020000018                key_reg5
 .data.stable_state2
                0x000000002000001c        0x4 ./Core/Src/button.o
                0x000000002000001c                stable_state2
 .data.key_reg6
                0x0000000020000020        0x4 ./Core/Src/button.o
                0x0000000020000020                key_reg6
 .data.key_reg7
                0x0000000020000024        0x4 ./Core/Src/button.o
                0x0000000020000024                key_reg7
 .data.key_reg8
                0x0000000020000028        0x4 ./Core/Src/button.o
                0x0000000020000028                key_reg8
 .data.stable_state3
                0x000000002000002c        0x4 ./Core/Src/button.o
                0x000000002000002c                stable_state3
 .data.timer_for_key_reset_press
                0x0000000020000030        0x4 ./Core/Src/button.o
                0x0000000020000030                timer_for_key_reset_press
 .data.timer_for_key_inc_press
                0x0000000020000034        0x4 ./Core/Src/button.o
                0x0000000020000034                timer_for_key_inc_press
 .data.timer_for_key_dec_press
                0x0000000020000038        0x4 ./Core/Src/button.o
                0x0000000020000038                timer_for_key_dec_press
 .data.SystemCoreClock
                0x000000002000003c        0x4 ./Core/Src/system_stm32f1xx.o
                0x000000002000003c                SystemCoreClock
 .data.uwTickPrio
                0x0000000020000040        0x4 ./Drivers/STM32F1xx_HAL_Driver/Src/stm32f1xx_hal.o
                0x0000000020000040                uwTickPrio
 .data.uwTickFreq
                0x0000000020000044        0x1 ./Drivers/STM32F1xx_HAL_Driver/Src/stm32f1xx_hal.o
                0x0000000020000044                uwTickFreq
 *(.RamFunc)
 *(.RamFunc*)
                0x0000000020000048                . = ALIGN (0x4)
 *fill*         0x0000000020000045        0x3 
                0x0000000020000048                _edata = .

.igot.plt       0x0000000020000048        0x0 load address 0x0000000008002230
 .igot.plt      0x0000000020000048        0x0 c:/st/stm32cubeide_1.7.0/stm32cubeide/plugins/com.st.stm32cube.ide.mcu.externaltools.gnu-tools-for-stm32.9-2020-q2-update.win32_2.0.0.202105311346/tools/bin/../lib/gcc/arm-none-eabi/9.3.1/thumb/v7-m/nofp/crtbegin.o
                0x0000000020000048                . = ALIGN (0x4)

.bss            0x0000000020000048       0x94 load address 0x0000000008002230
                0x0000000020000048                _sbss = .
                0x0000000020000048                __bss_start__ = _sbss
 *(.bss)
 .bss           0x0000000020000048       0x1c c:/st/stm32cubeide_1.7.0/stm32cubeide/plugins/com.st.stm32cube.ide.mcu.externaltools.gnu-tools-for-stm32.9-2020-q2-update.win32_2.0.0.202105311346/tools/bin/../lib/gcc/arm-none-eabi/9.3.1/thumb/v7-m/nofp/crtbegin.o
 *(.bss*)
 .bss.button_reset_flag
                0x0000000020000064        0x4 ./Core/Src/button.o
                0x0000000020000064                button_reset_flag
 .bss.button_inc_flag
                0x0000000020000068        0x4 ./Core/Src/button.o
                0x0000000020000068                button_inc_flag
 .bss.button_dec_flag
                0x000000002000006c        0x4 ./Core/Src/button.o
                0x000000002000006c                button_dec_flag
 .bss.status    0x0000000020000070        0x4 ./Core/Src/global.o
                0x0000000020000070                status
 .bss.counter   0x0000000020000074        0x4 ./Core/Src/global.o
                0x0000000020000074                counter
 .bss.timer1_counter_for_led
                0x0000000020000078        0x4 ./Core/Src/softwareTimer.o
                0x0000000020000078                timer1_counter_for_led
 .bss.timer1_flag_for_led
                0x000000002000007c        0x4 ./Core/Src/softwareTimer.o
                0x000000002000007c                timer1_flag_for_led
 .bss.timer2_counter_for_auto_count_down
                0x0000000020000080        0x4 ./Core/Src/softwareTimer.o
                0x0000000020000080                timer2_counter_for_auto_count_down
 .bss.timer2_flag_for_auto_count_down
                0x0000000020000084        0x4 ./Core/Src/softwareTimer.o
                0x0000000020000084                timer2_flag_for_auto_count_down
 .bss.timer3_counter_for_time_out
                0x0000000020000088        0x4 ./Core/Src/softwareTimer.o
                0x0000000020000088                timer3_counter_for_time_out
 .bss.timer3_flag_for_time_out
                0x000000002000008c        0x4 ./Core/Src/softwareTimer.o
                0x000000002000008c                timer3_flag_for_time_out
 *(COMMON)
 COMMON         0x0000000020000090       0x48 ./Core/Src/main.o
                0x0000000020000090                htim2
 COMMON         0x00000000200000d8        0x4 ./Drivers/STM32F1xx_HAL_Driver/Src/stm32f1xx_hal.o
                0x00000000200000d8                uwTick
                0x00000000200000dc                . = ALIGN (0x4)
                0x00000000200000dc                _ebss = .
                0x00000000200000dc                __bss_end__ = _ebss

._user_heap_stack
                0x00000000200000dc      0x604 load address 0x0000000008002230
                0x00000000200000e0                . = ALIGN (0x8)
 *fill*         0x00000000200000dc        0x4 
                [!provide]                        PROVIDE (end = .)
                0x00000000200000e0                PROVIDE (_end = .)
                0x00000000200002e0                . = (. + _Min_Heap_Size)
 *fill*         0x00000000200000e0      0x200 
                0x00000000200006e0                . = (. + _Min_Stack_Size)
 *fill*         0x00000000200002e0      0x400 
                0x00000000200006e0                . = ALIGN (0x8)

/DISCARD/
 libc.a(*)
 libm.a(*)
 libgcc.a(*)

.ARM.attributes
                0x0000000000000000       0x29
 *(.ARM.attributes)
 .ARM.attributes
                0x0000000000000000       0x1d c:/st/stm32cubeide_1.7.0/stm32cubeide/plugins/com.st.stm32cube.ide.mcu.externaltools.gnu-tools-for-stm32.9-2020-q2-update.win32_2.0.0.202105311346/tools/bin/../lib/gcc/arm-none-eabi/9.3.1/thumb/v7-m/nofp/crti.o
 .ARM.attributes
                0x000000000000001d       0x2d c:/st/stm32cubeide_1.7.0/stm32cubeide/plugins/com.st.stm32cube.ide.mcu.externaltools.gnu-tools-for-stm32.9-2020-q2-update.win32_2.0.0.202105311346/tools/bin/../lib/gcc/arm-none-eabi/9.3.1/thumb/v7-m/nofp/crtbegin.o
 .ARM.attributes
                0x000000000000004a       0x2d ./Core/Src/button.o
 .ARM.attributes
                0x0000000000000077       0x2d ./Core/Src/display.o
 .ARM.attributes
                0x00000000000000a4       0x2d ./Core/Src/fsm.o
 .ARM.attributes
                0x00000000000000d1       0x33 ./Core/Src/global.o
 .ARM.attributes
                0x0000000000000104       0x2d ./Core/Src/main.o
 .ARM.attributes
                0x0000000000000131       0x2d ./Core/Src/softwareTimer.o
 .ARM.attributes
                0x000000000000015e       0x2d ./Core/Src/stm32f1xx_hal_msp.o
 .ARM.attributes
                0x000000000000018b       0x2d ./Core/Src/stm32f1xx_it.o
 .ARM.attributes
                0x00000000000001b8       0x2d ./Core/Src/system_stm32f1xx.o
 .ARM.attributes
                0x00000000000001e5       0x21 ./Core/Startup/startup_stm32f103c6ux.o
 .ARM.attributes
                0x0000000000000206       0x2d ./Drivers/STM32F1xx_HAL_Driver/Src/stm32f1xx_hal.o
 .ARM.attributes
                0x0000000000000233       0x2d ./Drivers/STM32F1xx_HAL_Driver/Src/stm32f1xx_hal_cortex.o
 .ARM.attributes
                0x0000000000000260       0x2d ./Drivers/STM32F1xx_HAL_Driver/Src/stm32f1xx_hal_gpio.o
 .ARM.attributes
                0x000000000000028d       0x2d ./Drivers/STM32F1xx_HAL_Driver/Src/stm32f1xx_hal_rcc.o
 .ARM.attributes
                0x00000000000002ba       0x2d ./Drivers/STM32F1xx_HAL_Driver/Src/stm32f1xx_hal_tim.o
 .ARM.attributes
                0x00000000000002e7       0x2d ./Drivers/STM32F1xx_HAL_Driver/Src/stm32f1xx_hal_tim_ex.o
 .ARM.attributes
                0x0000000000000314       0x2d c:/st/stm32cubeide_1.7.0/stm32cubeide/plugins/com.st.stm32cube.ide.mcu.externaltools.gnu-tools-for-stm32.9-2020-q2-update.win32_2.0.0.202105311346/tools/bin/../lib/gcc/arm-none-eabi/9.3.1/../../../../arm-none-eabi/lib/thumb/v7-m/nofp\libc_nano.a(lib_a-init.o)
 .ARM.attributes
                0x0000000000000341       0x2d c:/st/stm32cubeide_1.7.0/stm32cubeide/plugins/com.st.stm32cube.ide.mcu.externaltools.gnu-tools-for-stm32.9-2020-q2-update.win32_2.0.0.202105311346/tools/bin/../lib/gcc/arm-none-eabi/9.3.1/../../../../arm-none-eabi/lib/thumb/v7-m/nofp\libc_nano.a(lib_a-memset.o)
 .ARM.attributes
                0x000000000000036e       0x1d c:/st/stm32cubeide_1.7.0/stm32cubeide/plugins/com.st.stm32cube.ide.mcu.externaltools.gnu-tools-for-stm32.9-2020-q2-update.win32_2.0.0.202105311346/tools/bin/../lib/gcc/arm-none-eabi/9.3.1/thumb/v7-m/nofp/crtn.o
OUTPUT(midTermProject.elf elf32-littlearm)
LOAD linker stubs
LOAD c:/st/stm32cubeide_1.7.0/stm32cubeide/plugins/com.st.stm32cube.ide.mcu.externaltools.gnu-tools-for-stm32.9-2020-q2-update.win32_2.0.0.202105311346/tools/bin/../lib/gcc/arm-none-eabi/9.3.1/../../../../arm-none-eabi/lib/thumb/v7-m/nofp\libc.a
LOAD c:/st/stm32cubeide_1.7.0/stm32cubeide/plugins/com.st.stm32cube.ide.mcu.externaltools.gnu-tools-for-stm32.9-2020-q2-update.win32_2.0.0.202105311346/tools/bin/../lib/gcc/arm-none-eabi/9.3.1/../../../../arm-none-eabi/lib/thumb/v7-m/nofp\libm.a
LOAD c:/st/stm32cubeide_1.7.0/stm32cubeide/plugins/com.st.stm32cube.ide.mcu.externaltools.gnu-tools-for-stm32.9-2020-q2-update.win32_2.0.0.202105311346/tools/bin/../lib/gcc/arm-none-eabi/9.3.1/thumb/v7-m/nofp\libgcc.a

.debug_info     0x0000000000000000     0x8fa1
 .debug_info    0x0000000000000000      0x467 ./Core/Src/button.o
 .debug_info    0x0000000000000467      0x30d ./Core/Src/display.o
 .debug_info    0x0000000000000774      0x23a ./Core/Src/fsm.o
 .debug_info    0x00000000000009ae      0x23c ./Core/Src/global.o
 .debug_info    0x0000000000000bea      0xc38 ./Core/Src/main.o
 .debug_info    0x0000000000001822      0x134 ./Core/Src/softwareTimer.o
 .debug_info    0x0000000000001956      0xa04 ./Core/Src/stm32f1xx_hal_msp.o
 .debug_info    0x000000000000235a      0x7b4 ./Core/Src/stm32f1xx_it.o
 .debug_info    0x0000000000002b0e      0x2be ./Core/Src/system_stm32f1xx.o
 .debug_info    0x0000000000002dcc       0x22 ./Core/Startup/startup_stm32f103c6ux.o
 .debug_info    0x0000000000002dee      0x74c ./Drivers/STM32F1xx_HAL_Driver/Src/stm32f1xx_hal.o
 .debug_info    0x000000000000353a      0xbbe ./Drivers/STM32F1xx_HAL_Driver/Src/stm32f1xx_hal_cortex.o
 .debug_info    0x00000000000040f8      0x701 ./Drivers/STM32F1xx_HAL_Driver/Src/stm32f1xx_hal_gpio.o
 .debug_info    0x00000000000047f9      0x88e ./Drivers/STM32F1xx_HAL_Driver/Src/stm32f1xx_hal_rcc.o
 .debug_info    0x0000000000005087     0x2a45 ./Drivers/STM32F1xx_HAL_Driver/Src/stm32f1xx_hal_tim.o
 .debug_info    0x0000000000007acc     0x14d5 ./Drivers/STM32F1xx_HAL_Driver/Src/stm32f1xx_hal_tim_ex.o

.debug_abbrev   0x0000000000000000     0x1967
 .debug_abbrev  0x0000000000000000      0x14a ./Core/Src/button.o
 .debug_abbrev  0x000000000000014a      0x123 ./Core/Src/display.o
 .debug_abbrev  0x000000000000026d       0xb6 ./Core/Src/fsm.o
 .debug_abbrev  0x0000000000000323       0xa9 ./Core/Src/global.o
 .debug_abbrev  0x00000000000003cc      0x22c ./Core/Src/main.o
 .debug_abbrev  0x00000000000005f8       0xc3 ./Core/Src/softwareTimer.o
 .debug_abbrev  0x00000000000006bb      0x1b7 ./Core/Src/stm32f1xx_hal_msp.o
 .debug_abbrev  0x0000000000000872      0x176 ./Core/Src/stm32f1xx_it.o
 .debug_abbrev  0x00000000000009e8      0x14e ./Core/Src/system_stm32f1xx.o
 .debug_abbrev  0x0000000000000b36       0x12 ./Core/Startup/startup_stm32f103c6ux.o
 .debug_abbrev  0x0000000000000b48      0x1ed ./Drivers/STM32F1xx_HAL_Driver/Src/stm32f1xx_hal.o
 .debug_abbrev  0x0000000000000d35      0x313 ./Drivers/STM32F1xx_HAL_Driver/Src/stm32f1xx_hal_cortex.o
 .debug_abbrev  0x0000000000001048      0x1e8 ./Drivers/STM32F1xx_HAL_Driver/Src/stm32f1xx_hal_gpio.o
 .debug_abbrev  0x0000000000001230      0x273 ./Drivers/STM32F1xx_HAL_Driver/Src/stm32f1xx_hal_rcc.o
 .debug_abbrev  0x00000000000014a3      0x25e ./Drivers/STM32F1xx_HAL_Driver/Src/stm32f1xx_hal_tim.o
 .debug_abbrev  0x0000000000001701      0x266 ./Drivers/STM32F1xx_HAL_Driver/Src/stm32f1xx_hal_tim_ex.o

.debug_aranges  0x0000000000000000      0xa28
 .debug_aranges
                0x0000000000000000       0x60 ./Core/Src/button.o
 .debug_aranges
                0x0000000000000060       0x28 ./Core/Src/display.o
 .debug_aranges
                0x0000000000000088       0x20 ./Core/Src/fsm.o
 .debug_aranges
                0x00000000000000a8       0x18 ./Core/Src/global.o
 .debug_aranges
                0x00000000000000c0       0x48 ./Core/Src/main.o
 .debug_aranges
                0x0000000000000108       0x38 ./Core/Src/softwareTimer.o
 .debug_aranges
                0x0000000000000140       0x30 ./Core/Src/stm32f1xx_hal_msp.o
 .debug_aranges
                0x0000000000000170       0x68 ./Core/Src/stm32f1xx_it.o
 .debug_aranges
                0x00000000000001d8       0x28 ./Core/Src/system_stm32f1xx.o
 .debug_aranges
                0x0000000000000200       0x28 ./Core/Startup/startup_stm32f103c6ux.o
 .debug_aranges
                0x0000000000000228       0xe0 ./Drivers/STM32F1xx_HAL_Driver/Src/stm32f1xx_hal.o
 .debug_aranges
                0x0000000000000308      0x100 ./Drivers/STM32F1xx_HAL_Driver/Src/stm32f1xx_hal_cortex.o
 .debug_aranges
                0x0000000000000408       0x58 ./Drivers/STM32F1xx_HAL_Driver/Src/stm32f1xx_hal_gpio.o
 .debug_aranges
                0x0000000000000460       0x90 ./Drivers/STM32F1xx_HAL_Driver/Src/stm32f1xx_hal_rcc.o
 .debug_aranges
                0x00000000000004f0      0x3d0 ./Drivers/STM32F1xx_HAL_Driver/Src/stm32f1xx_hal_tim.o
 .debug_aranges
                0x00000000000008c0      0x168 ./Drivers/STM32F1xx_HAL_Driver/Src/stm32f1xx_hal_tim_ex.o

.debug_ranges   0x0000000000000000      0x928
 .debug_ranges  0x0000000000000000       0x50 ./Core/Src/button.o
 .debug_ranges  0x0000000000000050       0x18 ./Core/Src/display.o
 .debug_ranges  0x0000000000000068       0x10 ./Core/Src/fsm.o
 .debug_ranges  0x0000000000000078       0x38 ./Core/Src/main.o
 .debug_ranges  0x00000000000000b0       0x28 ./Core/Src/softwareTimer.o
 .debug_ranges  0x00000000000000d8       0x20 ./Core/Src/stm32f1xx_hal_msp.o
 .debug_ranges  0x00000000000000f8       0x58 ./Core/Src/stm32f1xx_it.o
 .debug_ranges  0x0000000000000150       0x18 ./Core/Src/system_stm32f1xx.o
 .debug_ranges  0x0000000000000168       0x20 ./Core/Startup/startup_stm32f103c6ux.o
 .debug_ranges  0x0000000000000188       0xd0 ./Drivers/STM32F1xx_HAL_Driver/Src/stm32f1xx_hal.o
 .debug_ranges  0x0000000000000258       0xf0 ./Drivers/STM32F1xx_HAL_Driver/Src/stm32f1xx_hal_cortex.o
 .debug_ranges  0x0000000000000348       0x48 ./Drivers/STM32F1xx_HAL_Driver/Src/stm32f1xx_hal_gpio.o
 .debug_ranges  0x0000000000000390       0x80 ./Drivers/STM32F1xx_HAL_Driver/Src/stm32f1xx_hal_rcc.o
 .debug_ranges  0x0000000000000410      0x3c0 ./Drivers/STM32F1xx_HAL_Driver/Src/stm32f1xx_hal_tim.o
 .debug_ranges  0x00000000000007d0      0x158 ./Drivers/STM32F1xx_HAL_Driver/Src/stm32f1xx_hal_tim_ex.o

.debug_macro    0x0000000000000000    0x16a2e
 .debug_macro   0x0000000000000000      0x1b6 ./Core/Src/button.o
 .debug_macro   0x00000000000001b6      0xa9c ./Core/Src/button.o
 .debug_macro   0x0000000000000c52      0x215 ./Core/Src/button.o
 .debug_macro   0x0000000000000e67       0x2e ./Core/Src/button.o
 .debug_macro   0x0000000000000e95       0x22 ./Core/Src/button.o
 .debug_macro   0x0000000000000eb7       0x22 ./Core/Src/button.o
 .debug_macro   0x0000000000000ed9       0x8e ./Core/Src/button.o
 .debug_macro   0x0000000000000f67       0x51 ./Core/Src/button.o
 .debug_macro   0x0000000000000fb8      0x103 ./Core/Src/button.o
 .debug_macro   0x00000000000010bb       0x6a ./Core/Src/button.o
 .debug_macro   0x0000000000001125      0x1df ./Core/Src/button.o
 .debug_macro   0x0000000000001304       0x1c ./Core/Src/button.o
 .debug_macro   0x0000000000001320       0x22 ./Core/Src/button.o
 .debug_macro   0x0000000000001342       0xc3 ./Core/Src/button.o
 .debug_macro   0x0000000000001405      0xd23 ./Core/Src/button.o
 .debug_macro   0x0000000000002128     0xde75 ./Core/Src/button.o
 .debug_macro   0x000000000000ff9d       0x6d ./Core/Src/button.o
 .debug_macro   0x000000000001000a     0x3468 ./Core/Src/button.o
 .debug_macro   0x0000000000013472      0x174 ./Core/Src/button.o
 .debug_macro   0x00000000000135e6       0x5c ./Core/Src/button.o
 .debug_macro   0x0000000000013642      0x5be ./Core/Src/button.o
 .debug_macro   0x0000000000013c00      0x1b7 ./Core/Src/button.o
 .debug_macro   0x0000000000013db7      0x1cb ./Core/Src/button.o
 .debug_macro   0x0000000000013f82      0x114 ./Core/Src/button.o
 .debug_macro   0x0000000000014096      0x1b2 ./Core/Src/button.o
 .debug_macro   0x0000000000014248       0x27 ./Core/Src/button.o
 .debug_macro   0x000000000001426f      0x12f ./Core/Src/button.o
 .debug_macro   0x000000000001439e      0x1bc ./Core/Src/button.o
 .debug_macro   0x000000000001455a       0x34 ./Core/Src/button.o
 .debug_macro   0x000000000001458e       0x3c ./Core/Src/button.o
 .debug_macro   0x00000000000145ca       0x57 ./Core/Src/button.o
 .debug_macro   0x0000000000014621       0x88 ./Core/Src/button.o
 .debug_macro   0x00000000000146a9      0x183 ./Core/Src/button.o
 .debug_macro   0x000000000001482c      0x141 ./Core/Src/button.o
 .debug_macro   0x000000000001496d      0x8d1 ./Core/Src/button.o
 .debug_macro   0x000000000001523e       0x69 ./Core/Src/button.o
 .debug_macro   0x00000000000152a7       0x88 ./Core/Src/button.o
 .debug_macro   0x000000000001532f       0x10 ./Core/Src/button.o
 .debug_macro   0x000000000001533f      0x1d9 ./Core/Src/display.o
 .debug_macro   0x0000000000015518       0x28 ./Core/Src/display.o
 .debug_macro   0x0000000000015540      0x1ef ./Core/Src/fsm.o
 .debug_macro   0x000000000001572f      0x1cf ./Core/Src/global.o
 .debug_macro   0x00000000000158fe      0x1f3 ./Core/Src/main.o
 .debug_macro   0x0000000000015af1       0x1b ./Core/Src/softwareTimer.o
 .debug_macro   0x0000000000015b0c      0x1a7 ./Core/Src/stm32f1xx_hal_msp.o
 .debug_macro   0x0000000000015cb3      0x1b1 ./Core/Src/stm32f1xx_it.o
 .debug_macro   0x0000000000015e64      0x198 ./Core/Src/system_stm32f1xx.o
 .debug_macro   0x0000000000015ffc      0x1bc ./Drivers/STM32F1xx_HAL_Driver/Src/stm32f1xx_hal.o
 .debug_macro   0x00000000000161b8      0x198 ./Drivers/STM32F1xx_HAL_Driver/Src/stm32f1xx_hal_cortex.o
 .debug_macro   0x0000000000016350      0x203 ./Drivers/STM32F1xx_HAL_Driver/Src/stm32f1xx_hal_gpio.o
 .debug_macro   0x0000000000016553      0x1aa ./Drivers/STM32F1xx_HAL_Driver/Src/stm32f1xx_hal_rcc.o
 .debug_macro   0x00000000000166fd      0x199 ./Drivers/STM32F1xx_HAL_Driver/Src/stm32f1xx_hal_tim.o
 .debug_macro   0x0000000000016896      0x198 ./Drivers/STM32F1xx_HAL_Driver/Src/stm32f1xx_hal_tim_ex.o

.debug_line     0x0000000000000000     0xb028
 .debug_line    0x0000000000000000      0x829 ./Core/Src/button.o
 .debug_line    0x0000000000000829      0x729 ./Core/Src/display.o
 .debug_line    0x0000000000000f52      0x735 ./Core/Src/fsm.o
 .debug_line    0x0000000000001687      0x66c ./Core/Src/global.o
 .debug_line    0x0000000000001cf3      0x7cd ./Core/Src/main.o
 .debug_line    0x00000000000024c0       0xf3 ./Core/Src/softwareTimer.o
 .debug_line    0x00000000000025b3      0x6a1 ./Core/Src/stm32f1xx_hal_msp.o
 .debug_line    0x0000000000002c54      0x73f ./Core/Src/stm32f1xx_it.o
 .debug_line    0x0000000000003393      0x6e3 ./Core/Src/system_stm32f1xx.o
 .debug_line    0x0000000000003a76       0x87 ./Core/Startup/startup_stm32f103c6ux.o
 .debug_line    0x0000000000003afd      0x910 ./Drivers/STM32F1xx_HAL_Driver/Src/stm32f1xx_hal.o
 .debug_line    0x000000000000440d      0xaf8 ./Drivers/STM32F1xx_HAL_Driver/Src/stm32f1xx_hal_cortex.o
 .debug_line    0x0000000000004f05      0x991 ./Drivers/STM32F1xx_HAL_Driver/Src/stm32f1xx_hal_gpio.o
 .debug_line    0x0000000000005896      0xd1e ./Drivers/STM32F1xx_HAL_Driver/Src/stm32f1xx_hal_rcc.o
 .debug_line    0x00000000000065b4     0x326e ./Drivers/STM32F1xx_HAL_Driver/Src/stm32f1xx_hal_tim.o
 .debug_line    0x0000000000009822     0x1806 ./Drivers/STM32F1xx_HAL_Driver/Src/stm32f1xx_hal_tim_ex.o

.debug_str      0x0000000000000000    0x8206f
 .debug_str     0x0000000000000000    0x7f539 ./Core/Src/button.o
                                      0x7f88c (size before relaxing)
 .debug_str     0x000000000007f539      0x109 ./Core/Src/display.o
                                      0x7f897 (size before relaxing)
 .debug_str     0x000000000007f642       0x35 ./Core/Src/fsm.o
                                      0x7f856 (size before relaxing)
 .debug_str     0x000000000007f677       0x15 ./Core/Src/global.o
                                      0x7f826 (size before relaxing)
 .debug_str     0x000000000007f68c      0x6df ./Core/Src/main.o
                                      0x80003 (size before relaxing)
 .debug_str     0x000000000007fd6b       0xc2 ./Core/Src/softwareTimer.o
                                       0x2e7b (size before relaxing)
 .debug_str     0x000000000007fe2d      0x2ba ./Core/Src/stm32f1xx_hal_msp.o
                                      0x7fe79 (size before relaxing)
 .debug_str     0x00000000000800e7       0xcd ./Core/Src/stm32f1xx_it.o
                                      0x7fbdb (size before relaxing)
 .debug_str     0x00000000000801b4       0x52 ./Core/Src/system_stm32f1xx.o
                                      0x7f4fe (size before relaxing)
 .debug_str     0x0000000000080206       0x36 ./Core/Startup/startup_stm32f103c6ux.o
                                         0x69 (size before relaxing)
 .debug_str     0x000000000008023c      0x304 ./Drivers/STM32F1xx_HAL_Driver/Src/stm32f1xx_hal.o
                                      0x7fb55 (size before relaxing)
 .debug_str     0x0000000000080540      0x300 ./Drivers/STM32F1xx_HAL_Driver/Src/stm32f1xx_hal_cortex.o
                                      0x7fb5d (size before relaxing)
 .debug_str     0x0000000000080840      0x324 ./Drivers/STM32F1xx_HAL_Driver/Src/stm32f1xx_hal_gpio.o
                                      0x7f8c2 (size before relaxing)
 .debug_str     0x0000000000080b64      0x24f ./Drivers/STM32F1xx_HAL_Driver/Src/stm32f1xx_hal_rcc.o
                                      0x7f8fb (size before relaxing)
 .debug_str     0x0000000000080db3      0xdce ./Drivers/STM32F1xx_HAL_Driver/Src/stm32f1xx_hal_tim.o
                                      0x808cd (size before relaxing)
 .debug_str     0x0000000000081b81      0x4ee ./Drivers/STM32F1xx_HAL_Driver/Src/stm32f1xx_hal_tim_ex.o
                                      0x8007e (size before relaxing)

.comment        0x0000000000000000       0x53
 .comment       0x0000000000000000       0x53 ./Core/Src/button.o
                                         0x54 (size before relaxing)
 .comment       0x0000000000000053       0x54 ./Core/Src/display.o
 .comment       0x0000000000000053       0x54 ./Core/Src/fsm.o
 .comment       0x0000000000000053       0x54 ./Core/Src/global.o
 .comment       0x0000000000000053       0x54 ./Core/Src/main.o
 .comment       0x0000000000000053       0x54 ./Core/Src/softwareTimer.o
 .comment       0x0000000000000053       0x54 ./Core/Src/stm32f1xx_hal_msp.o
 .comment       0x0000000000000053       0x54 ./Core/Src/stm32f1xx_it.o
 .comment       0x0000000000000053       0x54 ./Core/Src/system_stm32f1xx.o
 .comment       0x0000000000000053       0x54 ./Drivers/STM32F1xx_HAL_Driver/Src/stm32f1xx_hal.o
 .comment       0x0000000000000053       0x54 ./Drivers/STM32F1xx_HAL_Driver/Src/stm32f1xx_hal_cortex.o
 .comment       0x0000000000000053       0x54 ./Drivers/STM32F1xx_HAL_Driver/Src/stm32f1xx_hal_gpio.o
 .comment       0x0000000000000053       0x54 ./Drivers/STM32F1xx_HAL_Driver/Src/stm32f1xx_hal_rcc.o
 .comment       0x0000000000000053       0x54 ./Drivers/STM32F1xx_HAL_Driver/Src/stm32f1xx_hal_tim.o
 .comment       0x0000000000000053       0x54 ./Drivers/STM32F1xx_HAL_Driver/Src/stm32f1xx_hal_tim_ex.o

.debug_frame    0x0000000000000000     0x2814
 .debug_frame   0x0000000000000000      0x124 ./Core/Src/button.o
 .debug_frame   0x0000000000000124       0x50 ./Core/Src/display.o
 .debug_frame   0x0000000000000174       0x2c ./Core/Src/fsm.o
 .debug_frame   0x00000000000001a0       0xd4 ./Core/Src/main.o
 .debug_frame   0x0000000000000274       0xa8 ./Core/Src/softwareTimer.o
 .debug_frame   0x000000000000031c       0x80 ./Core/Src/stm32f1xx_hal_msp.o
 .debug_frame   0x000000000000039c      0x120 ./Core/Src/stm32f1xx_it.o
 .debug_frame   0x00000000000004bc       0x58 ./Core/Src/system_stm32f1xx.o
 .debug_frame   0x0000000000000514      0x334 ./Drivers/STM32F1xx_HAL_Driver/Src/stm32f1xx_hal.o
 .debug_frame   0x0000000000000848      0x428 ./Drivers/STM32F1xx_HAL_Driver/Src/stm32f1xx_hal_cortex.o
 .debug_frame   0x0000000000000c70      0x14c ./Drivers/STM32F1xx_HAL_Driver/Src/stm32f1xx_hal_gpio.o
 .debug_frame   0x0000000000000dbc      0x21c ./Drivers/STM32F1xx_HAL_Driver/Src/stm32f1xx_hal_rcc.o
 .debug_frame   0x0000000000000fd8     0x11b8 ./Drivers/STM32F1xx_HAL_Driver/Src/stm32f1xx_hal_tim.o
 .debug_frame   0x0000000000002190      0x638 ./Drivers/STM32F1xx_HAL_Driver/Src/stm32f1xx_hal_tim_ex.o
 .debug_frame   0x00000000000027c8       0x2c c:/st/stm32cubeide_1.7.0/stm32cubeide/plugins/com.st.stm32cube.ide.mcu.externaltools.gnu-tools-for-stm32.9-2020-q2-update.win32_2.0.0.202105311346/tools/bin/../lib/gcc/arm-none-eabi/9.3.1/../../../../arm-none-eabi/lib/thumb/v7-m/nofp\libc_nano.a(lib_a-init.o)
 .debug_frame   0x00000000000027f4       0x20 c:/st/stm32cubeide_1.7.0/stm32cubeide/plugins/com.st.stm32cube.ide.mcu.externaltools.gnu-tools-for-stm32.9-2020-q2-update.win32_2.0.0.202105311346/tools/bin/../lib/gcc/arm-none-eabi/9.3.1/../../../../arm-none-eabi/lib/thumb/v7-m/nofp\libc_nano.a(lib_a-memset.o)
